Archive member included to satisfy reference by file (symbol)

c:/program files (x86)/atmel/studio/7.0/toolchain/avr8/avr8-gnu-toolchain/bin/../lib/gcc/avr/5.4.0/avr5\libgcc.a(_exit.o)
                              C:/Program Files (x86)/Atmel/Studio/7.0/Packs/Atmel/ATmega_DFP/1.7.374/gcc/dev/atmega32/avr5/crtatmega32.o (exit)
c:/program files (x86)/atmel/studio/7.0/toolchain/avr8/avr8-gnu-toolchain/bin/../lib/gcc/avr/5.4.0/avr5\libgcc.a(_copy_data.o)
                              APPLICATION/APP.o (__do_copy_data)
c:/program files (x86)/atmel/studio/7.0/toolchain/avr8/avr8-gnu-toolchain/bin/../lib/gcc/avr/5.4.0/avr5\libgcc.a(_clear_bss.o)
                              MCAL/EXTERNAL_INTERRUPT/EXTERNAL_INTERRUPT.o (__do_clear_bss)
c:/program files (x86)/atmel/studio/7.0/toolchain/avr8/avr8-gnu-toolchain/bin/../lib/gcc/avr/5.4.0/avr5\libgcc.a(_umulhisi3.o)
                              ECUL/LCD/LCD.o (__umulhisi3)

Discarded input sections

 .data          0x00000000        0x0 C:/Program Files (x86)/Atmel/Studio/7.0/Packs/Atmel/ATmega_DFP/1.7.374/gcc/dev/atmega32/avr5/crtatmega32.o
 .bss           0x00000000        0x0 C:/Program Files (x86)/Atmel/Studio/7.0/Packs/Atmel/ATmega_DFP/1.7.374/gcc/dev/atmega32/avr5/crtatmega32.o
 .text          0x00000000        0x0 APPLICATION/APP.o
 .data          0x00000000        0x0 APPLICATION/APP.o
 .bss           0x00000000        0x0 APPLICATION/APP.o
 .text          0x00000000        0x0 ECUL/KEYPAD/KEYPAD.o
 .data          0x00000000        0x0 ECUL/KEYPAD/KEYPAD.o
 .bss           0x00000000        0x0 ECUL/KEYPAD/KEYPAD.o
 .text.keypad_intialize
                0x00000000       0x4e ECUL/KEYPAD/KEYPAD.o
 .text.keypad_get_value
                0x00000000      0x100 ECUL/KEYPAD/KEYPAD.o
 .rodata.btn_value
                0x00000000       0x10 ECUL/KEYPAD/KEYPAD.o
 .debug_info    0x00000000      0x40c ECUL/KEYPAD/KEYPAD.o
 .debug_abbrev  0x00000000      0x12c ECUL/KEYPAD/KEYPAD.o
 .debug_loc     0x00000000      0x3a6 ECUL/KEYPAD/KEYPAD.o
 .debug_aranges
                0x00000000       0x28 ECUL/KEYPAD/KEYPAD.o
 .debug_ranges  0x00000000       0x18 ECUL/KEYPAD/KEYPAD.o
 .debug_line    0x00000000      0x157 ECUL/KEYPAD/KEYPAD.o
 .debug_str     0x00000000      0x3b1 ECUL/KEYPAD/KEYPAD.o
 .comment       0x00000000       0x31 ECUL/KEYPAD/KEYPAD.o
 .debug_frame   0x00000000       0xa8 ECUL/KEYPAD/KEYPAD.o
 .text          0x00000000        0x0 ECUL/LCD/LCD.o
 .data          0x00000000        0x0 ECUL/LCD/LCD.o
 .bss           0x00000000        0x0 ECUL/LCD/LCD.o
 .text.lcd_8bit_send_enable_signal
                0x00000000       0x2e ECUL/LCD/LCD.o
 .text.LCD_4Bit_send_Data_char_Pos
                0x00000000       0x5e ECUL/LCD/LCD.o
 .text.LCD_4Bit_Send_Cust_Char
                0x00000000       0x66 ECUL/LCD/LCD.o
 .text.lcd_4bit_send_number
                0x00000000       0xcc ECUL/LCD/LCD.o
 .text.lcd_4bit_send_number_pos
                0x00000000       0x74 ECUL/LCD/LCD.o
 .text.LCD_8Bit_Init
                0x00000000        0xc ECUL/LCD/LCD.o
 .text.LCD_8Bit_Send_Command
                0x00000000        0xc ECUL/LCD/LCD.o
 .text.LCD_8Bit_Send_Data_char
                0x00000000        0xc ECUL/LCD/LCD.o
 .text.LCD_8Bit_send_Data_char_Pos
                0x00000000        0xc ECUL/LCD/LCD.o
 .text.LCD_8Bit_Send_Data_String
                0x00000000        0xc ECUL/LCD/LCD.o
 .text.LCD_8Bit_send_Data_String_Pos
                0x00000000        0xc ECUL/LCD/LCD.o
 .text.lcd_8bit_send_comand
                0x00000000       0x68 ECUL/LCD/LCD.o
 .text.lcd_8bit_initialize
                0x00000000       0xbe ECUL/LCD/LCD.o
 .text.lcd_8bit_set_cursor
                0x00000000       0x4a ECUL/LCD/LCD.o
 .text.lcd_8bit_send_char_data
                0x00000000       0x68 ECUL/LCD/LCD.o
 .text.lcd_8bit_send_char_data_pos
                0x00000000       0x26 ECUL/LCD/LCD.o
 .text.lcd_8bit_send_string
                0x00000000       0x3e ECUL/LCD/LCD.o
 .text.lcd_8bit_send_string_pos
                0x00000000       0x34 ECUL/LCD/LCD.o
 .text.lcd_8bit_send_custom_char
                0x00000000       0x68 ECUL/LCD/LCD.o
 .text          0x00000000        0x0 ECUL/LED/LED.o
 .data          0x00000000        0x0 ECUL/LED/LED.o
 .bss           0x00000000        0x0 ECUL/LED/LED.o
 .text.Led_Init
                0x00000000       0x44 ECUL/LED/LED.o
 .text.Led_Turn_On
                0x00000000       0x3c ECUL/LED/LED.o
 .text.Led_Turn_Off
                0x00000000       0x3c ECUL/LED/LED.o
 .text.Led_Toggle
                0x00000000       0x3a ECUL/LED/LED.o
 .debug_info    0x00000000      0x3fc ECUL/LED/LED.o
 .debug_abbrev  0x00000000      0x114 ECUL/LED/LED.o
 .debug_loc     0x00000000      0x348 ECUL/LED/LED.o
 .debug_aranges
                0x00000000       0x38 ECUL/LED/LED.o
 .debug_ranges  0x00000000       0x28 ECUL/LED/LED.o
 .debug_line    0x00000000      0x145 ECUL/LED/LED.o
 .debug_str     0x00000000      0x35e ECUL/LED/LED.o
 .comment       0x00000000       0x31 ECUL/LED/LED.o
 .debug_frame   0x00000000       0x94 ECUL/LED/LED.o
 .text          0x00000000        0x0 main.o
 .data          0x00000000        0x0 main.o
 .bss           0x00000000        0x0 main.o
 .text          0x00000000        0x0 MCAL/DIO/DIO.o
 .data          0x00000000        0x0 MCAL/DIO/DIO.o
 .bss           0x00000000        0x0 MCAL/DIO/DIO.o
 .text.gpio_get_pin_direction
                0x00000000       0x3c MCAL/DIO/DIO.o
 .text.gpio_read_logic
                0x00000000       0x3c MCAL/DIO/DIO.o
 .text.gpio_pin_toggle
                0x00000000       0x3c MCAL/DIO/DIO.o
 .data.pin_regster
                0x00000000        0x8 MCAL/DIO/DIO.o
 .text          0x00000000        0x0 MCAL/EXTERNAL_INTERRUPT/EXTERNAL_INTERRUPT.o
 .data          0x00000000        0x0 MCAL/EXTERNAL_INTERRUPT/EXTERNAL_INTERRUPT.o
 .bss           0x00000000        0x0 MCAL/EXTERNAL_INTERRUPT/EXTERNAL_INTERRUPT.o
 .text.EXI_interrupt_init
                0x00000000       0xda MCAL/EXTERNAL_INTERRUPT/EXTERNAL_INTERRUPT.o
 .text.EXI_CallBack
                0x00000000       0x52 MCAL/EXTERNAL_INTERRUPT/EXTERNAL_INTERRUPT.o
 .text          0x00000000        0x0 MCAL/TIMER_0/TIMER_0.o
 .data          0x00000000        0x0 MCAL/TIMER_0/TIMER_0.o
 .bss           0x00000000        0x0 MCAL/TIMER_0/TIMER_0.o
 .text.TMR0_init
                0x00000000       0x94 MCAL/TIMER_0/TIMER_0.o
 .text.TMR0_Write_Value
                0x00000000        0x6 MCAL/TIMER_0/TIMER_0.o
 .text.TMR0_Read_Value
                0x00000000       0x12 MCAL/TIMER_0/TIMER_0.o
 .text.TMR0_OverFlow_Iterrupt_Enable
                0x00000000       0x20 MCAL/TIMER_0/TIMER_0.o
 .text.TMR0_OverFlow_Iterrupt_Disable
                0x00000000       0x1a MCAL/TIMER_0/TIMER_0.o
 .text.TMR0_OC_Iterrupt_Enable
                0x00000000       0x20 MCAL/TIMER_0/TIMER_0.o
 .text.TMR0_OC_Iterrupt_Disnable
                0x00000000       0x1a MCAL/TIMER_0/TIMER_0.o
 .text          0x00000000        0x0 MCAL/UART/UART.o
 .data          0x00000000        0x0 MCAL/UART/UART.o
 .bss           0x00000000        0x0 MCAL/UART/UART.o
 .text.UART_Init
                0x00000000       0x14 MCAL/UART/UART.o
 .text.UART_RX_InterruptEnable
                0x00000000        0x4 MCAL/UART/UART.o
 .text.UART_RX_InterruptDisable
                0x00000000        0x4 MCAL/UART/UART.o
 .text.UART_TX_InterruptEnable
                0x00000000        0x4 MCAL/UART/UART.o
 .text.UART_TX_InterruptDisable
                0x00000000        0x4 MCAL/UART/UART.o
 .text.UART_RX_SetCallBack
                0x00000000        0xa MCAL/UART/UART.o
 .text.UART_TX_SetCallBack
                0x00000000        0xa MCAL/UART/UART.o
 .text.UART_SendByteNoBlock
                0x00000000        0x4 MCAL/UART/UART.o
 .text.UART_ReceiveByteNoBlock
                0x00000000        0x4 MCAL/UART/UART.o
 .text.UART_SendByte
                0x00000000        0x8 MCAL/UART/UART.o
 .text.UART_ReceiveByte
                0x00000000        0x8 MCAL/UART/UART.o
 .text.UART_Receive_NoBlock
                0x00000000       0x12 MCAL/UART/UART.o
 .rodata.BaudRateArray
                0x00000000       0x48 MCAL/UART/UART.o
 .text          0x00000000        0x0 SERVICES/UART_SERVICES/UART_SERVICES.o
 .data          0x00000000        0x0 SERVICES/UART_SERVICES/UART_SERVICES.o
 .bss           0x00000000        0x0 SERVICES/UART_SERVICES/UART_SERVICES.o
 .text.Send_Int_Function2
                0x00000000        0x8 SERVICES/UART_SERVICES/UART_SERVICES.o
 .text.Func_TX  0x00000000       0x32 SERVICES/UART_SERVICES/UART_SERVICES.o
 .text.Receive_Int_Function
                0x00000000       0x2a SERVICES/UART_SERVICES/UART_SERVICES.o
 .text.UART_SendString
                0x00000000       0x2c SERVICES/UART_SERVICES/UART_SERVICES.o
 .text.UART_SendString_Asynch
                0x00000000       0x1e SERVICES/UART_SERVICES/UART_SERVICES.o
 .text.UART_SendString_Asynch_NocodeInInt
                0x00000000       0x46 SERVICES/UART_SERVICES/UART_SERVICES.o
 .text.UART_ReceiveString
                0x00000000       0x54 SERVICES/UART_SERVICES/UART_SERVICES.o
 .text.UART_ReceiveString_Asynch
                0x00000000       0x16 SERVICES/UART_SERVICES/UART_SERVICES.o
 .text.UART_SendString_MYProtocol
                0x00000000       0x8a SERVICES/UART_SERVICES/UART_SERVICES.o
 .text.UART_ReceiveString_MyProtocol
                0x00000000       0x6a SERVICES/UART_SERVICES/UART_SERVICES.o
 .bss.i.2024    0x00000000        0x1 SERVICES/UART_SERVICES/UART_SERVICES.o
 .bss.i.2007    0x00000000        0x1 SERVICES/UART_SERVICES/UART_SERVICES.o
 .data.i.2003   0x00000000        0x1 SERVICES/UART_SERVICES/UART_SERVICES.o
 .bss.Asynch_receive_str
                0x00000000        0x2 SERVICES/UART_SERVICES/UART_SERVICES.o
 .bss.Asynch_Send_Str
                0x00000000        0x2 SERVICES/UART_SERVICES/UART_SERVICES.o
 .data.flag     0x00000000        0x1 SERVICES/UART_SERVICES/UART_SERVICES.o
 .debug_info    0x00000000      0x4ac SERVICES/UART_SERVICES/UART_SERVICES.o
 .debug_abbrev  0x00000000      0x172 SERVICES/UART_SERVICES/UART_SERVICES.o
 .debug_loc     0x00000000      0x5e3 SERVICES/UART_SERVICES/UART_SERVICES.o
 .debug_aranges
                0x00000000       0x68 SERVICES/UART_SERVICES/UART_SERVICES.o
 .debug_ranges  0x00000000       0x58 SERVICES/UART_SERVICES/UART_SERVICES.o
 .debug_line    0x00000000      0x2de SERVICES/UART_SERVICES/UART_SERVICES.o
 .debug_str     0x00000000      0x396 SERVICES/UART_SERVICES/UART_SERVICES.o
 .comment       0x00000000       0x31 SERVICES/UART_SERVICES/UART_SERVICES.o
 .debug_frame   0x00000000      0x148 SERVICES/UART_SERVICES/UART_SERVICES.o
 .text          0x00000000        0x0 c:/program files (x86)/atmel/studio/7.0/toolchain/avr8/avr8-gnu-toolchain/bin/../lib/gcc/avr/5.4.0/avr5\libgcc.a(_exit.o)
 .data          0x00000000        0x0 c:/program files (x86)/atmel/studio/7.0/toolchain/avr8/avr8-gnu-toolchain/bin/../lib/gcc/avr/5.4.0/avr5\libgcc.a(_exit.o)
 .bss           0x00000000        0x0 c:/program files (x86)/atmel/studio/7.0/toolchain/avr8/avr8-gnu-toolchain/bin/../lib/gcc/avr/5.4.0/avr5\libgcc.a(_exit.o)
 .text.libgcc.mul
                0x00000000        0x0 c:/program files (x86)/atmel/studio/7.0/toolchain/avr8/avr8-gnu-toolchain/bin/../lib/gcc/avr/5.4.0/avr5\libgcc.a(_exit.o)
 .text.libgcc.div
                0x00000000        0x0 c:/program files (x86)/atmel/studio/7.0/toolchain/avr8/avr8-gnu-toolchain/bin/../lib/gcc/avr/5.4.0/avr5\libgcc.a(_exit.o)
 .text.libgcc   0x00000000        0x0 c:/program files (x86)/atmel/studio/7.0/toolchain/avr8/avr8-gnu-toolchain/bin/../lib/gcc/avr/5.4.0/avr5\libgcc.a(_exit.o)
 .text.libgcc.prologue
                0x00000000        0x0 c:/program files (x86)/atmel/studio/7.0/toolchain/avr8/avr8-gnu-toolchain/bin/../lib/gcc/avr/5.4.0/avr5\libgcc.a(_exit.o)
 .text.libgcc.builtins
                0x00000000        0x0 c:/program files (x86)/atmel/studio/7.0/toolchain/avr8/avr8-gnu-toolchain/bin/../lib/gcc/avr/5.4.0/avr5\libgcc.a(_exit.o)
 .text.libgcc.fmul
                0x00000000        0x0 c:/program files (x86)/atmel/studio/7.0/toolchain/avr8/avr8-gnu-toolchain/bin/../lib/gcc/avr/5.4.0/avr5\libgcc.a(_exit.o)
 .text.libgcc.fixed
                0x00000000        0x0 c:/program files (x86)/atmel/studio/7.0/toolchain/avr8/avr8-gnu-toolchain/bin/../lib/gcc/avr/5.4.0/avr5\libgcc.a(_exit.o)
 .text          0x00000000        0x0 c:/program files (x86)/atmel/studio/7.0/toolchain/avr8/avr8-gnu-toolchain/bin/../lib/gcc/avr/5.4.0/avr5\libgcc.a(_copy_data.o)
 .data          0x00000000        0x0 c:/program files (x86)/atmel/studio/7.0/toolchain/avr8/avr8-gnu-toolchain/bin/../lib/gcc/avr/5.4.0/avr5\libgcc.a(_copy_data.o)
 .bss           0x00000000        0x0 c:/program files (x86)/atmel/studio/7.0/toolchain/avr8/avr8-gnu-toolchain/bin/../lib/gcc/avr/5.4.0/avr5\libgcc.a(_copy_data.o)
 .text.libgcc.mul
                0x00000000        0x0 c:/program files (x86)/atmel/studio/7.0/toolchain/avr8/avr8-gnu-toolchain/bin/../lib/gcc/avr/5.4.0/avr5\libgcc.a(_copy_data.o)
 .text.libgcc.div
                0x00000000        0x0 c:/program files (x86)/atmel/studio/7.0/toolchain/avr8/avr8-gnu-toolchain/bin/../lib/gcc/avr/5.4.0/avr5\libgcc.a(_copy_data.o)
 .text.libgcc   0x00000000        0x0 c:/program files (x86)/atmel/studio/7.0/toolchain/avr8/avr8-gnu-toolchain/bin/../lib/gcc/avr/5.4.0/avr5\libgcc.a(_copy_data.o)
 .text.libgcc.prologue
                0x00000000        0x0 c:/program files (x86)/atmel/studio/7.0/toolchain/avr8/avr8-gnu-toolchain/bin/../lib/gcc/avr/5.4.0/avr5\libgcc.a(_copy_data.o)
 .text.libgcc.builtins
                0x00000000        0x0 c:/program files (x86)/atmel/studio/7.0/toolchain/avr8/avr8-gnu-toolchain/bin/../lib/gcc/avr/5.4.0/avr5\libgcc.a(_copy_data.o)
 .text.libgcc.fmul
                0x00000000        0x0 c:/program files (x86)/atmel/studio/7.0/toolchain/avr8/avr8-gnu-toolchain/bin/../lib/gcc/avr/5.4.0/avr5\libgcc.a(_copy_data.o)
 .text.libgcc.fixed
                0x00000000        0x0 c:/program files (x86)/atmel/studio/7.0/toolchain/avr8/avr8-gnu-toolchain/bin/../lib/gcc/avr/5.4.0/avr5\libgcc.a(_copy_data.o)
 .text          0x00000000        0x0 c:/program files (x86)/atmel/studio/7.0/toolchain/avr8/avr8-gnu-toolchain/bin/../lib/gcc/avr/5.4.0/avr5\libgcc.a(_clear_bss.o)
 .data          0x00000000        0x0 c:/program files (x86)/atmel/studio/7.0/toolchain/avr8/avr8-gnu-toolchain/bin/../lib/gcc/avr/5.4.0/avr5\libgcc.a(_clear_bss.o)
 .bss           0x00000000        0x0 c:/program files (x86)/atmel/studio/7.0/toolchain/avr8/avr8-gnu-toolchain/bin/../lib/gcc/avr/5.4.0/avr5\libgcc.a(_clear_bss.o)
 .text.libgcc.mul
                0x00000000        0x0 c:/program files (x86)/atmel/studio/7.0/toolchain/avr8/avr8-gnu-toolchain/bin/../lib/gcc/avr/5.4.0/avr5\libgcc.a(_clear_bss.o)
 .text.libgcc.div
                0x00000000        0x0 c:/program files (x86)/atmel/studio/7.0/toolchain/avr8/avr8-gnu-toolchain/bin/../lib/gcc/avr/5.4.0/avr5\libgcc.a(_clear_bss.o)
 .text.libgcc   0x00000000        0x0 c:/program files (x86)/atmel/studio/7.0/toolchain/avr8/avr8-gnu-toolchain/bin/../lib/gcc/avr/5.4.0/avr5\libgcc.a(_clear_bss.o)
 .text.libgcc.prologue
                0x00000000        0x0 c:/program files (x86)/atmel/studio/7.0/toolchain/avr8/avr8-gnu-toolchain/bin/../lib/gcc/avr/5.4.0/avr5\libgcc.a(_clear_bss.o)
 .text.libgcc.builtins
                0x00000000        0x0 c:/program files (x86)/atmel/studio/7.0/toolchain/avr8/avr8-gnu-toolchain/bin/../lib/gcc/avr/5.4.0/avr5\libgcc.a(_clear_bss.o)
 .text.libgcc.fmul
                0x00000000        0x0 c:/program files (x86)/atmel/studio/7.0/toolchain/avr8/avr8-gnu-toolchain/bin/../lib/gcc/avr/5.4.0/avr5\libgcc.a(_clear_bss.o)
 .text.libgcc.fixed
                0x00000000        0x0 c:/program files (x86)/atmel/studio/7.0/toolchain/avr8/avr8-gnu-toolchain/bin/../lib/gcc/avr/5.4.0/avr5\libgcc.a(_clear_bss.o)
 .text          0x00000000        0x0 c:/program files (x86)/atmel/studio/7.0/toolchain/avr8/avr8-gnu-toolchain/bin/../lib/gcc/avr/5.4.0/avr5\libgcc.a(_umulhisi3.o)
 .data          0x00000000        0x0 c:/program files (x86)/atmel/studio/7.0/toolchain/avr8/avr8-gnu-toolchain/bin/../lib/gcc/avr/5.4.0/avr5\libgcc.a(_umulhisi3.o)
 .bss           0x00000000        0x0 c:/program files (x86)/atmel/studio/7.0/toolchain/avr8/avr8-gnu-toolchain/bin/../lib/gcc/avr/5.4.0/avr5\libgcc.a(_umulhisi3.o)
 .text.libgcc.mul
                0x00000000       0x1e c:/program files (x86)/atmel/studio/7.0/toolchain/avr8/avr8-gnu-toolchain/bin/../lib/gcc/avr/5.4.0/avr5\libgcc.a(_umulhisi3.o)
 .text.libgcc.div
                0x00000000        0x0 c:/program files (x86)/atmel/studio/7.0/toolchain/avr8/avr8-gnu-toolchain/bin/../lib/gcc/avr/5.4.0/avr5\libgcc.a(_umulhisi3.o)
 .text.libgcc   0x00000000        0x0 c:/program files (x86)/atmel/studio/7.0/toolchain/avr8/avr8-gnu-toolchain/bin/../lib/gcc/avr/5.4.0/avr5\libgcc.a(_umulhisi3.o)
 .text.libgcc.prologue
                0x00000000        0x0 c:/program files (x86)/atmel/studio/7.0/toolchain/avr8/avr8-gnu-toolchain/bin/../lib/gcc/avr/5.4.0/avr5\libgcc.a(_umulhisi3.o)
 .text.libgcc.builtins
                0x00000000        0x0 c:/program files (x86)/atmel/studio/7.0/toolchain/avr8/avr8-gnu-toolchain/bin/../lib/gcc/avr/5.4.0/avr5\libgcc.a(_umulhisi3.o)
 .text.libgcc.fmul
                0x00000000        0x0 c:/program files (x86)/atmel/studio/7.0/toolchain/avr8/avr8-gnu-toolchain/bin/../lib/gcc/avr/5.4.0/avr5\libgcc.a(_umulhisi3.o)
 .text.libgcc.fixed
                0x00000000        0x0 c:/program files (x86)/atmel/studio/7.0/toolchain/avr8/avr8-gnu-toolchain/bin/../lib/gcc/avr/5.4.0/avr5\libgcc.a(_umulhisi3.o)

Memory Configuration

Name             Origin             Length             Attributes
text             0x00000000         0x00008000         xr
data             0x00800060         0x00000800         rw !x
eeprom           0x00810000         0x00000400         rw !x
fuse             0x00820000         0x00000002         rw !x
lock             0x00830000         0x00000400         rw !x
signature        0x00840000         0x00000400         rw !x
user_signatures  0x00850000         0x00000400         rw !x
*default*        0x00000000         0xffffffff

Linker script and memory map

LOAD C:/Program Files (x86)/Atmel/Studio/7.0/Packs/Atmel/ATmega_DFP/1.7.374/gcc/dev/atmega32/avr5/crtatmega32.o
LOAD APPLICATION/APP.o
LOAD ECUL/KEYPAD/KEYPAD.o
LOAD ECUL/LCD/LCD.o
LOAD ECUL/LED/LED.o
LOAD main.o
LOAD MCAL/DIO/DIO.o
LOAD MCAL/EXTERNAL_INTERRUPT/EXTERNAL_INTERRUPT.o
LOAD MCAL/TIMER_0/TIMER_0.o
LOAD MCAL/UART/UART.o
LOAD SERVICES/UART_SERVICES/UART_SERVICES.o
START GROUP
LOAD c:/program files (x86)/atmel/studio/7.0/toolchain/avr8/avr8-gnu-toolchain/bin/../lib/gcc/avr/5.4.0/../../../../avr/lib/avr5\libm.a
END GROUP
START GROUP
LOAD c:/program files (x86)/atmel/studio/7.0/toolchain/avr8/avr8-gnu-toolchain/bin/../lib/gcc/avr/5.4.0/avr5\libgcc.a
LOAD c:/program files (x86)/atmel/studio/7.0/toolchain/avr8/avr8-gnu-toolchain/bin/../lib/gcc/avr/5.4.0/../../../../avr/lib/avr5\libm.a
LOAD c:/program files (x86)/atmel/studio/7.0/toolchain/avr8/avr8-gnu-toolchain/bin/../lib/gcc/avr/5.4.0/../../../../avr/lib/avr5\libc.a
LOAD C:/Program Files (x86)/Atmel/Studio/7.0/Packs/Atmel/ATmega_DFP/1.7.374/gcc/dev/atmega32/avr5\libatmega32.a
END GROUP
                0x00000000                __TEXT_REGION_ORIGIN__ = DEFINED (__TEXT_REGION_ORIGIN__)?__TEXT_REGION_ORIGIN__:0x0
                [0x00800060]                __DATA_REGION_ORIGIN__ = DEFINED (__DATA_REGION_ORIGIN__)?__DATA_REGION_ORIGIN__:0x800060
                [0x00008000]                __TEXT_REGION_LENGTH__ = DEFINED (__TEXT_REGION_LENGTH__)?__TEXT_REGION_LENGTH__:0x20000
                [0x00000800]                __DATA_REGION_LENGTH__ = DEFINED (__DATA_REGION_LENGTH__)?__DATA_REGION_LENGTH__:0xffa0
                [0x00000400]                __EEPROM_REGION_LENGTH__ = DEFINED (__EEPROM_REGION_LENGTH__)?__EEPROM_REGION_LENGTH__:0x10000
                [0x00000002]                __FUSE_REGION_LENGTH__ = DEFINED (__FUSE_REGION_LENGTH__)?__FUSE_REGION_LENGTH__:0x400
                0x00000400                __LOCK_REGION_LENGTH__ = DEFINED (__LOCK_REGION_LENGTH__)?__LOCK_REGION_LENGTH__:0x400
                0x00000400                __SIGNATURE_REGION_LENGTH__ = DEFINED (__SIGNATURE_REGION_LENGTH__)?__SIGNATURE_REGION_LENGTH__:0x400
                0x00000400                __USER_SIGNATURE_REGION_LENGTH__ = DEFINED (__USER_SIGNATURE_REGION_LENGTH__)?__USER_SIGNATURE_REGION_LENGTH__:0x400

.hash
 *(.hash)

.dynsym
 *(.dynsym)

.dynstr
 *(.dynstr)

.gnu.version
 *(.gnu.version)

.gnu.version_d
 *(.gnu.version_d)

.gnu.version_r
 *(.gnu.version_r)

.rel.init
 *(.rel.init)

.rela.init
 *(.rela.init)

.rel.text
 *(.rel.text)
 *(.rel.text.*)
 *(.rel.gnu.linkonce.t*)

.rela.text
 *(.rela.text)
 *(.rela.text.*)
 *(.rela.gnu.linkonce.t*)

.rel.fini
 *(.rel.fini)

.rela.fini
 *(.rela.fini)

.rel.rodata
 *(.rel.rodata)
 *(.rel.rodata.*)
 *(.rel.gnu.linkonce.r*)

.rela.rodata
 *(.rela.rodata)
 *(.rela.rodata.*)
 *(.rela.gnu.linkonce.r*)

.rel.data
 *(.rel.data)
 *(.rel.data.*)
 *(.rel.gnu.linkonce.d*)

.rela.data
 *(.rela.data)
 *(.rela.data.*)
 *(.rela.gnu.linkonce.d*)

.rel.ctors
 *(.rel.ctors)

.rela.ctors
 *(.rela.ctors)

.rel.dtors
 *(.rel.dtors)

.rela.dtors
 *(.rela.dtors)

.rel.got
 *(.rel.got)

.rela.got
 *(.rela.got)

.rel.bss
 *(.rel.bss)

.rela.bss
 *(.rela.bss)

.rel.plt
 *(.rel.plt)

.rela.plt
 *(.rela.plt)

.text           0x00000000      0x696
 *(.vectors)
 .vectors       0x00000000       0x54 C:/Program Files (x86)/Atmel/Studio/7.0/Packs/Atmel/ATmega_DFP/1.7.374/gcc/dev/atmega32/avr5/crtatmega32.o
                0x00000000                __vector_default
                0x00000000                __vectors
 *(.vectors)
 *(.progmem.gcc*)
                0x00000054                . = ALIGN (0x2)
                0x00000054                __trampolines_start = .
 *(.trampolines)
 .trampolines   0x00000054        0x0 linker stubs
 *(.trampolines*)
                0x00000054                __trampolines_end = .
 *libprintf_flt.a:*(.progmem.data)
 *libc.a:*(.progmem.data)
 *(.progmem*)
                0x00000054                . = ALIGN (0x2)
 *(.jumptables)
 *(.jumptables*)
 *(.lowtext)
 *(.lowtext*)
                0x00000054                __ctors_start = .
 *(.ctors)
                0x00000054                __ctors_end = .
                0x00000054                __dtors_start = .
 *(.dtors)
                0x00000054                __dtors_end = .
 SORT(*)(.ctors)
 SORT(*)(.dtors)
 *(.init0)
 .init0         0x00000054        0x0 C:/Program Files (x86)/Atmel/Studio/7.0/Packs/Atmel/ATmega_DFP/1.7.374/gcc/dev/atmega32/avr5/crtatmega32.o
                0x00000054                __init
 *(.init0)
 *(.init1)
 *(.init1)
 *(.init2)
 .init2         0x00000054        0xc C:/Program Files (x86)/Atmel/Studio/7.0/Packs/Atmel/ATmega_DFP/1.7.374/gcc/dev/atmega32/avr5/crtatmega32.o
 *(.init2)
 *(.init3)
 *(.init3)
 *(.init4)
 .init4         0x00000060       0x16 c:/program files (x86)/atmel/studio/7.0/toolchain/avr8/avr8-gnu-toolchain/bin/../lib/gcc/avr/5.4.0/avr5\libgcc.a(_copy_data.o)
                0x00000060                __do_copy_data
 .init4         0x00000076       0x10 c:/program files (x86)/atmel/studio/7.0/toolchain/avr8/avr8-gnu-toolchain/bin/../lib/gcc/avr/5.4.0/avr5\libgcc.a(_clear_bss.o)
                0x00000076                __do_clear_bss
 *(.init4)
 *(.init5)
 *(.init5)
 *(.init6)
 *(.init6)
 *(.init7)
 *(.init7)
 *(.init8)
 *(.init8)
 *(.init9)
 .init9         0x00000086        0x8 C:/Program Files (x86)/Atmel/Studio/7.0/Packs/Atmel/ATmega_DFP/1.7.374/gcc/dev/atmega32/avr5/crtatmega32.o
 *(.init9)
 *(.text)
 .text          0x0000008e        0x4 C:/Program Files (x86)/Atmel/Studio/7.0/Packs/Atmel/ATmega_DFP/1.7.374/gcc/dev/atmega32/avr5/crtatmega32.o
                0x0000008e                __vector_12
                0x0000008e                __bad_interrupt
                0x0000008e                __vector_6
                0x0000008e                __vector_17
                0x0000008e                __vector_19
                0x0000008e                __vector_7
                0x0000008e                __vector_5
                0x0000008e                __vector_4
                0x0000008e                __vector_9
                0x0000008e                __vector_8
                0x0000008e                __vector_14
                0x0000008e                __vector_16
                0x0000008e                __vector_18
                0x0000008e                __vector_20
                0x00000092                . = ALIGN (0x2)
 *(.text.*)
 .text.appStart
                0x00000092       0x60 APPLICATION/APP.o
                0x00000092                appStart
 .text.LCD_4Bit_Send
                0x000000f2       0x4c ECUL/LCD/LCD.o
 .text.LCD_4Bit_Send_enable
                0x0000013e       0x2e ECUL/LCD/LCD.o
 .text.LCD_4Bit_Send_Command
                0x0000016c       0x40 ECUL/LCD/LCD.o
                0x0000016c                LCD_4Bit_Send_Command
 .text.LCD_4Bit_Init
                0x000001ac       0xb4 ECUL/LCD/LCD.o
                0x000001ac                LCD_4Bit_Init
 .text.LCD_4Bit_Send_Data_char
                0x00000260       0x40 ECUL/LCD/LCD.o
                0x00000260                LCD_4Bit_Send_Data_char
 .text.LCD_4Bit_Send_Data_String
                0x000002a0       0x36 ECUL/LCD/LCD.o
                0x000002a0                LCD_4Bit_Send_Data_String
 .text.LCD_4Bit_send_Data_String_Pos
                0x000002d6       0x62 ECUL/LCD/LCD.o
                0x000002d6                LCD_4Bit_send_Data_String_Pos
 .text.main     0x00000338        0xa main.o
                0x00000338                main
 .text.gpio_pin_dirction_init
                0x00000342       0x74 MCAL/DIO/DIO.o
                0x00000342                gpio_pin_dirction_init
 .text.gpio_write_logic
                0x000003b6       0x7e MCAL/DIO/DIO.o
                0x000003b6                gpio_write_logic
 .text.gpio_pin_init
                0x00000434       0x20 MCAL/DIO/DIO.o
                0x00000434                gpio_pin_init
 .text.__vector_1
                0x00000454       0x52 MCAL/EXTERNAL_INTERRUPT/EXTERNAL_INTERRUPT.o
                0x00000454                __vector_1
 .text.__vector_2
                0x000004a6       0x52 MCAL/EXTERNAL_INTERRUPT/EXTERNAL_INTERRUPT.o
                0x000004a6                __vector_2
 .text.__vector_3
                0x000004f8       0x52 MCAL/EXTERNAL_INTERRUPT/EXTERNAL_INTERRUPT.o
                0x000004f8                __vector_3
 .text.__vector_11
                0x0000054a       0x52 MCAL/TIMER_0/TIMER_0.o
                0x0000054a                __vector_11
 .text.__vector_10
                0x0000059c       0x52 MCAL/TIMER_0/TIMER_0.o
                0x0000059c                __vector_10
 .text.__vector_13
                0x000005ee       0x52 MCAL/UART/UART.o
                0x000005ee                __vector_13
 .text.__vector_15
                0x00000640       0x52 MCAL/UART/UART.o
                0x00000640                __vector_15
                0x00000692                . = ALIGN (0x2)
 *(.fini9)
 .fini9         0x00000692        0x0 c:/program files (x86)/atmel/studio/7.0/toolchain/avr8/avr8-gnu-toolchain/bin/../lib/gcc/avr/5.4.0/avr5\libgcc.a(_exit.o)
                0x00000692                _exit
                0x00000692                exit
 *(.fini9)
 *(.fini8)
 *(.fini8)
 *(.fini7)
 *(.fini7)
 *(.fini6)
 *(.fini6)
 *(.fini5)
 *(.fini5)
 *(.fini4)
 *(.fini4)
 *(.fini3)
 *(.fini3)
 *(.fini2)
 *(.fini2)
 *(.fini1)
 *(.fini1)
 *(.fini0)
 .fini0         0x00000692        0x4 c:/program files (x86)/atmel/studio/7.0/toolchain/avr8/avr8-gnu-toolchain/bin/../lib/gcc/avr/5.4.0/avr5\libgcc.a(_exit.o)
 *(.fini0)
                0x00000696                _etext = .

.data           0x00800060       0x36 load address 0x00000696
                0x00800060                PROVIDE (__data_start, .)
 *(.data)
 *(.data*)
 .data.LCD_RW   0x00800060        0x4 APPLICATION/APP.o
                0x00800060                LCD_RW
 .data.lcd_1    0x00800064       0x18 APPLICATION/APP.o
                0x00800064                lcd_1
 .data.ret      0x0080007c        0x1 APPLICATION/APP.o
                0x0080007c                ret
 .data.port_regster
                0x0080007d        0x8 MCAL/DIO/DIO.o
                0x0080007d                port_regster
 .data.ddr_regster
                0x00800085        0x8 MCAL/DIO/DIO.o
                0x00800085                ddr_regster
 *(.gnu.linkonce.d*)
 *(.rodata)
 *(.rodata*)
 .rodata.str1.1
                0x0080008d        0x9 APPLICATION/APP.o
 *(.gnu.linkonce.r*)
                0x00800096                . = ALIGN (0x2)
                0x00800096                _edata = .
                0x00800096                PROVIDE (__data_end, .)

.bss            0x00800096        0xe
                0x00800096                PROVIDE (__bss_start, .)
 *(.bss)
 *(.bss*)
 .bss.INT2_fptr
                0x00800096        0x2 MCAL/EXTERNAL_INTERRUPT/EXTERNAL_INTERRUPT.o
 .bss.INT1_fptr
                0x00800098        0x2 MCAL/EXTERNAL_INTERRUPT/EXTERNAL_INTERRUPT.o
 .bss.INT0_fptr
                0x0080009a        0x2 MCAL/EXTERNAL_INTERRUPT/EXTERNAL_INTERRUPT.o
 .bss.tmr0_OC_interruptHandler
                0x0080009c        0x2 MCAL/TIMER_0/TIMER_0.o
 .bss.tmr0_overFlow_interruptHandler
                0x0080009e        0x2 MCAL/TIMER_0/TIMER_0.o
 .bss.UART_TX_Fptr
                0x008000a0        0x2 MCAL/UART/UART.o
 .bss.UART_RX_Fptr
                0x008000a2        0x2 MCAL/UART/UART.o
 *(COMMON)
                0x008000a4                PROVIDE (__bss_end, .)
                0x00000696                __data_load_start = LOADADDR (.data)
                0x000006cc                __data_load_end = (__data_load_start + SIZEOF (.data))

.noinit         0x008000a4        0x0
                [!provide]                PROVIDE (__noinit_start, .)
 *(.noinit*)
                [!provide]                PROVIDE (__noinit_end, .)
                0x008000a4                _end = .
                [!provide]                PROVIDE (__heap_start, .)

.eeprom         0x00810000        0x0
 *(.eeprom*)
                0x00810000                __eeprom_end = .

.fuse
 *(.fuse)
 *(.lfuse)
 *(.hfuse)
 *(.efuse)

.lock
 *(.lock*)

.signature
 *(.signature*)

.user_signatures
 *(.user_signatures*)

.stab
 *(.stab)

.stabstr
 *(.stabstr)

.stab.excl
 *(.stab.excl)

.stab.exclstr
 *(.stab.exclstr)

.stab.index
 *(.stab.index)

.stab.indexstr
 *(.stab.indexstr)

.comment        0x00000000       0x30
 *(.comment)
 .comment       0x00000000       0x30 APPLICATION/APP.o
                                 0x31 (size before relaxing)
 .comment       0x00000030       0x31 ECUL/LCD/LCD.o
 .comment       0x00000030       0x31 main.o
 .comment       0x00000030       0x31 MCAL/DIO/DIO.o
 .comment       0x00000030       0x31 MCAL/EXTERNAL_INTERRUPT/EXTERNAL_INTERRUPT.o
 .comment       0x00000030       0x31 MCAL/TIMER_0/TIMER_0.o
 .comment       0x00000030       0x31 MCAL/UART/UART.o

.note.gnu.avr.deviceinfo
                0x00000000       0x3c
 .note.gnu.avr.deviceinfo
                0x00000000       0x3c C:/Program Files (x86)/Atmel/Studio/7.0/Packs/Atmel/ATmega_DFP/1.7.374/gcc/dev/atmega32/avr5/crtatmega32.o

.note.gnu.build-id
 *(.note.gnu.build-id)

.debug
 *(.debug)

.line
 *(.line)

.debug_srcinfo
 *(.debug_srcinfo)

.debug_sfnames
 *(.debug_sfnames)

.debug_aranges  0x00000000      0x298
 *(.debug_aranges)
 .debug_aranges
                0x00000000       0x20 APPLICATION/APP.o
 .debug_aranges
                0x00000020       0xe8 ECUL/LCD/LCD.o
 .debug_aranges
                0x00000108       0x20 main.o
 .debug_aranges
                0x00000128       0x48 MCAL/DIO/DIO.o
 .debug_aranges
                0x00000170       0x40 MCAL/EXTERNAL_INTERRUPT/EXTERNAL_INTERRUPT.o
 .debug_aranges
                0x000001b0       0x60 MCAL/TIMER_0/TIMER_0.o
 .debug_aranges
                0x00000210       0x88 MCAL/UART/UART.o

.debug_pubnames
 *(.debug_pubnames)

.debug_info     0x00000000     0x2e3e
 *(.debug_info .gnu.linkonce.wi.*)
 .debug_info    0x00000000      0x4e6 C:/Program Files (x86)/Atmel/Studio/7.0/Packs/Atmel/ATmega_DFP/1.7.374/gcc/dev/atmega32/avr5/crtatmega32.o
 .debug_info    0x000004e6      0x3ba APPLICATION/APP.o
 .debug_info    0x000008a0     0x1860 ECUL/LCD/LCD.o
 .debug_info    0x00002100       0xac main.o
 .debug_info    0x000021ac      0x3e1 MCAL/DIO/DIO.o
 .debug_info    0x0000258d      0x27f MCAL/EXTERNAL_INTERRUPT/EXTERNAL_INTERRUPT.o
 .debug_info    0x0000280c      0x35a MCAL/TIMER_0/TIMER_0.o
 .debug_info    0x00002b66      0x2d8 MCAL/UART/UART.o

.debug_abbrev   0x00000000      0xe6d
 *(.debug_abbrev)
 .debug_abbrev  0x00000000      0x4a3 C:/Program Files (x86)/Atmel/Studio/7.0/Packs/Atmel/ATmega_DFP/1.7.374/gcc/dev/atmega32/avr5/crtatmega32.o
 .debug_abbrev  0x000004a3      0x184 APPLICATION/APP.o
 .debug_abbrev  0x00000627      0x353 ECUL/LCD/LCD.o
 .debug_abbrev  0x0000097a       0x65 main.o
 .debug_abbrev  0x000009df      0x13f MCAL/DIO/DIO.o
 .debug_abbrev  0x00000b1e      0x12c MCAL/EXTERNAL_INTERRUPT/EXTERNAL_INTERRUPT.o
 .debug_abbrev  0x00000c4a       0xf4 MCAL/TIMER_0/TIMER_0.o
 .debug_abbrev  0x00000d3e      0x12f MCAL/UART/UART.o

.debug_line     0x00000000     0x1501
 *(.debug_line .debug_line.* .debug_line_end)
 .debug_line    0x00000000      0x116 C:/Program Files (x86)/Atmel/Studio/7.0/Packs/Atmel/ATmega_DFP/1.7.374/gcc/dev/atmega32/avr5/crtatmega32.o
 .debug_line    0x00000116      0x1b9 APPLICATION/APP.o
 .debug_line    0x000002cf      0x7f2 ECUL/LCD/LCD.o
 .debug_line    0x00000ac1       0x5f main.o
 .debug_line    0x00000b20      0x214 MCAL/DIO/DIO.o
 .debug_line    0x00000d34      0x2a3 MCAL/EXTERNAL_INTERRUPT/EXTERNAL_INTERRUPT.o
 .debug_line    0x00000fd7      0x2c4 MCAL/TIMER_0/TIMER_0.o
 .debug_line    0x0000129b      0x266 MCAL/UART/UART.o

.debug_frame    0x00000000      0x838
 *(.debug_frame)
 .debug_frame   0x00000000       0x24 APPLICATION/APP.o
 .debug_frame   0x00000024      0x37c ECUL/LCD/LCD.o
 .debug_frame   0x000003a0       0x24 main.o
 .debug_frame   0x000003c4       0x80 MCAL/DIO/DIO.o
 .debug_frame   0x00000444      0x13c MCAL/EXTERNAL_INTERRUPT/EXTERNAL_INTERRUPT.o
 .debug_frame   0x00000580      0x134 MCAL/TIMER_0/TIMER_0.o
 .debug_frame   0x000006b4      0x184 MCAL/UART/UART.o

.debug_str      0x00000000      0xd38
 *(.debug_str)
 .debug_str     0x00000000      0x196 C:/Program Files (x86)/Atmel/Studio/7.0/Packs/Atmel/ATmega_DFP/1.7.374/gcc/dev/atmega32/avr5/crtatmega32.o
 .debug_str     0x00000196      0x367 APPLICATION/APP.o
                                0x3a9 (size before relaxing)
 .debug_str     0x000004fd      0x2d4 ECUL/LCD/LCD.o
                                0x67d (size before relaxing)
 .debug_str     0x000007d1       0x11 main.o
                                0x191 (size before relaxing)
 .debug_str     0x000007e2       0xa0 MCAL/DIO/DIO.o
                                0x381 (size before relaxing)
 .debug_str     0x00000882      0x12b MCAL/EXTERNAL_INTERRUPT/EXTERNAL_INTERRUPT.o
                                0x2b6 (size before relaxing)
 .debug_str     0x000009ad      0x211 MCAL/TIMER_0/TIMER_0.o
                                0x39c (size before relaxing)
 .debug_str     0x00000bbe      0x17a MCAL/UART/UART.o
                                0x304 (size before relaxing)

.debug_loc      0x00000000     0x3253
 *(.debug_loc)
 .debug_loc     0x00000000       0x48 APPLICATION/APP.o
 .debug_loc     0x00000048     0x2483 ECUL/LCD/LCD.o
 .debug_loc     0x000024cb      0x345 MCAL/DIO/DIO.o
 .debug_loc     0x00002810      0x3dd MCAL/EXTERNAL_INTERRUPT/EXTERNAL_INTERRUPT.o
 .debug_loc     0x00002bed      0x411 MCAL/TIMER_0/TIMER_0.o
 .debug_loc     0x00002ffe      0x255 MCAL/UART/UART.o

.debug_macinfo
 *(.debug_macinfo)

.debug_weaknames
 *(.debug_weaknames)

.debug_funcnames
 *(.debug_funcnames)

.debug_typenames
 *(.debug_typenames)

.debug_varnames
 *(.debug_varnames)

.debug_pubtypes
 *(.debug_pubtypes)

.debug_ranges   0x00000000      0x280
 *(.debug_ranges)
 .debug_ranges  0x00000000       0x10 APPLICATION/APP.o
 .debug_ranges  0x00000010       0xd8 ECUL/LCD/LCD.o
 .debug_ranges  0x000000e8       0x10 main.o
 .debug_ranges  0x000000f8       0x38 MCAL/DIO/DIO.o
 .debug_ranges  0x00000130       0x88 MCAL/EXTERNAL_INTERRUPT/EXTERNAL_INTERRUPT.o
 .debug_ranges  0x000001b8       0x50 MCAL/TIMER_0/TIMER_0.o
 .debug_ranges  0x00000208       0x78 MCAL/UART/UART.o

.debug_macro
 *(.debug_macro)
OUTPUT(CalculaterProject.elf elf32-avr)
LOAD linker stubs
